Archive member included to satisfy reference by file (symbol)

../scannerIO_bsp/\libhal_bsp.a(alt_getchar.o)
                              obj/default/hello_world_small.o (alt_getchar)
../scannerIO_bsp/\libhal_bsp.a(alt_load.o)
                              ../scannerIO_bsp//obj/HAL/src/crt0.o (alt_load)
../scannerIO_bsp/\libhal_bsp.a(alt_main.o)
                              ../scannerIO_bsp//obj/HAL/src/crt0.o (alt_main)
../scannerIO_bsp/\libhal_bsp.a(alt_putstr.o)
                              obj/default/hello_world_small.o (alt_putstr)
../scannerIO_bsp/\libhal_bsp.a(alt_usleep.o)
                              obj/default/hello_world_small.o (usleep)
../scannerIO_bsp/\libhal_bsp.a(alt_sys_init.o)
                              ../scannerIO_bsp/\libhal_bsp.a(alt_main.o) (alt_irq_init)
../scannerIO_bsp/\libhal_bsp.a(altera_avalon_jtag_uart_read.o)
                              ../scannerIO_bsp/\libhal_bsp.a(alt_getchar.o) (altera_avalon_jtag_uart_read)
../scannerIO_bsp/\libhal_bsp.a(altera_avalon_jtag_uart_write.o)
                              ../scannerIO_bsp/\libhal_bsp.a(alt_putstr.o) (altera_avalon_jtag_uart_write)
../scannerIO_bsp/\libhal_bsp.a(alt_busy_sleep.o)
                              ../scannerIO_bsp/\libhal_bsp.a(alt_usleep.o) (alt_busy_sleep)
../scannerIO_bsp/\libhal_bsp.a(alt_dcache_flush_all.o)
                              ../scannerIO_bsp/\libhal_bsp.a(alt_load.o) (alt_dcache_flush_all)
../scannerIO_bsp/\libhal_bsp.a(alt_dev.o)
                              ../scannerIO_bsp/\libhal_bsp.a(alt_getchar.o) (alt_fd_list)
../scannerIO_bsp/\libhal_bsp.a(alt_icache_flush_all.o)
                              ../scannerIO_bsp/\libhal_bsp.a(alt_load.o) (alt_icache_flush_all)
../scannerIO_bsp/\libhal_bsp.a(altera_nios2_qsys_irq.o)
                              ../scannerIO_bsp/\libhal_bsp.a(alt_sys_init.o) (altera_nios2_qsys_irq_init)
c:/altera/16.0/nios2eds/bin/gnu/h-x86_64-mingw32/bin/../lib/gcc/nios2-elf/5.2.0/../../../../../H-x86_64-mingw32/nios2-elf/lib/mno-hw-mul\libsmallc.a(lib_a-strlen.o)
                              ../scannerIO_bsp/\libhal_bsp.a(alt_putstr.o) (strlen)
c:/altera/16.0/nios2eds/bin/gnu/h-x86_64-mingw32/bin/../lib/gcc/nios2-elf/5.2.0/mno-hw-mul\libgcc.a(lib2-divmod.o)
                              ../scannerIO_bsp/\libhal_bsp.a(alt_busy_sleep.o) (__udivsi3)
c:/altera/16.0/nios2eds/bin/gnu/h-x86_64-mingw32/bin/../lib/gcc/nios2-elf/5.2.0/mno-hw-mul\libgcc.a(lib2-mul.o)
                              ../scannerIO_bsp/\libhal_bsp.a(alt_busy_sleep.o) (__mulsi3)

Memory Configuration

Name             Origin             Length             Attributes
reset            0x0000000000002000 0x0000000000000020
onchip_memory2_0 0x0000000000002020 0x0000000000001fe0
*default*        0x0000000000000000 0xffffffffffffffff

Linker script and memory map

LOAD ../scannerIO_bsp//obj/HAL/src/crt0.o
LOAD obj/default/hello_world_small.o
LOAD c:/altera/16.0/nios2eds/bin/gnu/h-x86_64-mingw32/bin/../lib/gcc/nios2-elf/5.2.0/../../../../../H-x86_64-mingw32/nios2-elf/lib/mno-hw-mul\libstdc++.a
LOAD c:/altera/16.0/nios2eds/bin/gnu/h-x86_64-mingw32/bin/../lib/gcc/nios2-elf/5.2.0/../../../../../H-x86_64-mingw32/nios2-elf/lib/mno-hw-mul\libm.a
LOAD c:/altera/16.0/nios2eds/bin/gnu/h-x86_64-mingw32/bin/../lib/gcc/nios2-elf/5.2.0/mno-hw-mul\libgcc.a
START GROUP
LOAD c:/altera/16.0/nios2eds/bin/gnu/h-x86_64-mingw32/bin/../lib/gcc/nios2-elf/5.2.0/../../../../../H-x86_64-mingw32/nios2-elf/lib/mno-hw-mul\libsmallc.a
LOAD c:/altera/16.0/nios2eds/bin/gnu/h-x86_64-mingw32/bin/../lib/gcc/nios2-elf/5.2.0/mno-hw-mul\libgcc.a
LOAD ../scannerIO_bsp/\libhal_bsp.a
LOAD c:/altera/16.0/nios2eds/bin/gnu/h-x86_64-mingw32/bin/../lib/gcc/nios2-elf/5.2.0/../../../../../H-x86_64-mingw32/nios2-elf/lib/mno-hw-mul\libm.a
END GROUP
LOAD c:/altera/16.0/nios2eds/bin/gnu/h-x86_64-mingw32/bin/../lib/gcc/nios2-elf/5.2.0/mno-hw-mul\libgcc.a
                0x0000000000002000                __alt_mem_onchip_memory2_0 = 0x2000

.entry          0x0000000000002000       0x20
 *(.entry)
 .entry         0x0000000000002000       0x20 ../scannerIO_bsp//obj/HAL/src/crt0.o
                0x0000000000002000                __reset
                0x000000000000200c                _exit

.exceptions     0x0000000000002020        0x0
                0x0000000000002020                PROVIDE (__ram_exceptions_start, ABSOLUTE (.))
                0x0000000000002020                . = ALIGN (0x20)
 *(.irq)
 *(.exceptions.entry.label)
 *(.exceptions.entry.user)
 *(.exceptions.entry.ecc_fatal)
 *(.exceptions.entry)
 *(.exceptions.irqtest.user)
 *(.exceptions.irqtest)
 *(.exceptions.irqhandler.user)
 *(.exceptions.irqhandler)
 *(.exceptions.irqreturn.user)
 *(.exceptions.irqreturn)
 *(.exceptions.notirq.label)
 *(.exceptions.notirq.user)
 *(.exceptions.notirq)
 *(.exceptions.soft.user)
 *(.exceptions.soft)
 *(.exceptions.unknown.user)
 *(.exceptions.unknown)
 *(.exceptions.exit.label)
 *(.exceptions.exit.user)
 *(.exceptions.exit)
 *(.exceptions)
                0x0000000000002020                PROVIDE (__ram_exceptions_end, ABSOLUTE (.))
                0x0000000000002020                PROVIDE (__flash_exceptions_start, LOADADDR (.exceptions))

.text           0x0000000000002020      0x630
                [!provide]                        PROVIDE (stext, ABSOLUTE (.))
 *(.interp)
 *(.hash)
 *(.dynsym)
 *(.dynstr)
 *(.gnu.version)
 *(.gnu.version_d)
 *(.gnu.version_r)
 *(.rel.init)
 *(.rela.init)
 *(.rel.text .rel.text.* .rel.gnu.linkonce.t.*)
 *(.rela.text .rela.text.* .rela.gnu.linkonce.t.*)
 *(.rel.fini)
 *(.rela.fini)
 *(.rel.rodata .rel.rodata.* .rel.gnu.linkonce.r.*)
 *(.rela.rodata .rela.rodata.* .rela.gnu.linkonce.r.*)
 *(.rel.data .rel.data.* .rel.gnu.linkonce.d.*)
 *(.rela.data .rela.data.* .rela.gnu.linkonce.d.*)
 *(.rel.tdata .rel.tdata.* .rel.gnu.linkonce.td.*)
 *(.rela.tdata .rela.tdata.* .rela.gnu.linkonce.td.*)
 *(.rel.tbss .rel.tbss.* .rel.gnu.linkonce.tb.*)
 *(.rela.tbss .rela.tbss.* .rela.gnu.linkonce.tb.*)
 *(.rel.ctors)
 *(.rela.ctors)
 *(.rel.dtors)
 *(.rela.dtors)
 *(.rel.got)
 *(.rela.got)
 *(.rel.sdata .rel.sdata.* .rel.gnu.linkonce.s.*)
 *(.rela.sdata .rela.sdata.* .rela.gnu.linkonce.s.*)
 *(.rel.sbss .rel.sbss.* .rel.gnu.linkonce.sb.*)
 *(.rela.sbss .rela.sbss.* .rela.gnu.linkonce.sb.*)
 *(.rel.sdata2 .rel.sdata2.* .rel.gnu.linkonce.s2.*)
 *(.rela.sdata2 .rela.sdata2.* .rela.gnu.linkonce.s2.*)
 *(.rel.sbss2 .rel.sbss2.* .rel.gnu.linkonce.sb2.*)
 *(.rela.sbss2 .rela.sbss2.* .rela.gnu.linkonce.sb2.*)
 *(.rel.bss .rel.bss.* .rel.gnu.linkonce.b.*)
 *(.rela.bss .rela.bss.* .rela.gnu.linkonce.b.*)
 *(.rel.plt)
 *(.rela.plt)
 *(.rel.dyn)
 *(.init)
 *(.plt)
 *(.text .stub .text.* .gnu.linkonce.t.*)
 .text          0x0000000000002020       0x3c ../scannerIO_bsp//obj/HAL/src/crt0.o
                0x0000000000002020                _start
 .text          0x000000000000205c        0x0 obj/default/hello_world_small.o
 .text.startup  0x000000000000205c      0x11c obj/default/hello_world_small.o
                0x000000000000205c                main
 .text          0x0000000000002178       0x44 ../scannerIO_bsp/\libhal_bsp.a(alt_getchar.o)
                0x0000000000002178                alt_getchar
 .text          0x00000000000021bc       0xe0 ../scannerIO_bsp/\libhal_bsp.a(alt_load.o)
                0x00000000000021bc                alt_load
 .text          0x000000000000229c       0x2c ../scannerIO_bsp/\libhal_bsp.a(alt_main.o)
                0x000000000000229c                alt_main
 .text          0x00000000000022c8       0x38 ../scannerIO_bsp/\libhal_bsp.a(alt_putstr.o)
                0x00000000000022c8                alt_putstr
 .text          0x0000000000002300        0x4 ../scannerIO_bsp/\libhal_bsp.a(alt_usleep.o)
                0x0000000000002300                usleep
 .text          0x0000000000002304       0x24 ../scannerIO_bsp/\libhal_bsp.a(alt_sys_init.o)
                0x0000000000002304                alt_irq_init
                0x0000000000002324                alt_sys_init
 .text          0x0000000000002328       0x5c ../scannerIO_bsp/\libhal_bsp.a(altera_avalon_jtag_uart_read.o)
                0x0000000000002328                altera_avalon_jtag_uart_read
 .text          0x0000000000002384       0x34 ../scannerIO_bsp/\libhal_bsp.a(altera_avalon_jtag_uart_write.o)
                0x0000000000002384                altera_avalon_jtag_uart_write
 .text          0x00000000000023b8       0x88 ../scannerIO_bsp/\libhal_bsp.a(alt_busy_sleep.o)
                0x00000000000023b8                alt_busy_sleep
 .text          0x0000000000002440        0x4 ../scannerIO_bsp/\libhal_bsp.a(alt_dcache_flush_all.o)
                0x0000000000002440                alt_dcache_flush_all
 .text          0x0000000000002444        0x8 ../scannerIO_bsp/\libhal_bsp.a(alt_dev.o)
 .text          0x000000000000244c        0x4 ../scannerIO_bsp/\libhal_bsp.a(alt_icache_flush_all.o)
                0x000000000000244c                alt_icache_flush_all
 .text          0x0000000000002450        0x8 ../scannerIO_bsp/\libhal_bsp.a(altera_nios2_qsys_irq.o)
                0x0000000000002450                altera_nios2_qsys_irq_init
 .text          0x0000000000002458        0x0 c:/altera/16.0/nios2eds/bin/gnu/h-x86_64-mingw32/bin/../lib/gcc/nios2-elf/5.2.0/../../../../../H-x86_64-mingw32/nios2-elf/lib/mno-hw-mul\libsmallc.a(lib_a-strlen.o)
 .text.strlen   0x0000000000002458       0x1c c:/altera/16.0/nios2eds/bin/gnu/h-x86_64-mingw32/bin/../lib/gcc/nios2-elf/5.2.0/../../../../../H-x86_64-mingw32/nios2-elf/lib/mno-hw-mul\libsmallc.a(lib_a-strlen.o)
                0x0000000000002458                strlen
 .text          0x0000000000002474      0x1b4 c:/altera/16.0/nios2eds/bin/gnu/h-x86_64-mingw32/bin/../lib/gcc/nios2-elf/5.2.0/mno-hw-mul\libgcc.a(lib2-divmod.o)
                0x0000000000002474                __divsi3
                0x00000000000024f8                __modsi3
                0x000000000000256c                __udivsi3
                0x00000000000025d0                __umodsi3
 .text          0x0000000000002628       0x28 c:/altera/16.0/nios2eds/bin/gnu/h-x86_64-mingw32/bin/../lib/gcc/nios2-elf/5.2.0/mno-hw-mul\libgcc.a(lib2-mul.o)
                0x0000000000002628                __mulsi3
 *(.gnu.warning.*)
 *(.fini)
                [!provide]                        PROVIDE (__etext, ABSOLUTE (.))
                [!provide]                        PROVIDE (_etext, ABSOLUTE (.))
                [!provide]                        PROVIDE (etext, ABSOLUTE (.))
 *(.eh_frame_hdr)
                0x0000000000002650                . = ALIGN (0x4)
                [!provide]                        PROVIDE (__preinit_array_start, ABSOLUTE (.))
 *(.preinit_array)
                [!provide]                        PROVIDE (__preinit_array_end, ABSOLUTE (.))
                [!provide]                        PROVIDE (__init_array_start, ABSOLUTE (.))
 *(.init_array)
                [!provide]                        PROVIDE (__init_array_end, ABSOLUTE (.))
                [!provide]                        PROVIDE (__fini_array_start, ABSOLUTE (.))
 *(.fini_array)
                [!provide]                        PROVIDE (__fini_array_end, ABSOLUTE (.))
 *(.eh_frame)
 *(.gcc_except_table .gcc_except_table.*)
 *(.dynamic)
                [!provide]                        PROVIDE (__CTOR_LIST__, ABSOLUTE (.))
 *(.ctors)
 *(SORT(.ctors.*))
                [!provide]                        PROVIDE (__CTOR_END__, ABSOLUTE (.))
                [!provide]                        PROVIDE (__DTOR_LIST__, ABSOLUTE (.))
 *(.dtors)
 *(SORT(.dtors.*))
                [!provide]                        PROVIDE (__DTOR_END__, ABSOLUTE (.))
 *(.jcr)
                0x0000000000002650                . = ALIGN (0x4)

.rodata         0x0000000000002650       0x54
                0x0000000000002650                PROVIDE (__ram_rodata_start, ABSOLUTE (.))
                0x0000000000002650                . = ALIGN (0x4)
 *(.rodata .rodata.* .gnu.linkonce.r.*)
 .rodata.str1.4
                0x0000000000002650       0x47 obj/default/hello_world_small.o
 *fill*         0x0000000000002697        0x1 
 .rodata.str1.4
                0x0000000000002698        0xc ../scannerIO_bsp/\libhal_bsp.a(alt_dev.o)
                                          0xa (size before relaxing)
 *(.rodata1)
                0x00000000000026a4                . = ALIGN (0x4)
                0x00000000000026a4                PROVIDE (__ram_rodata_end, ABSOLUTE (.))
                0x0000000000002650                PROVIDE (__flash_rodata_start, LOADADDR (.rodata))

.rwdata         0x00000000000026a4       0x70 load address 0x0000000000002714
                0x00000000000026a4                PROVIDE (__ram_rwdata_start, ABSOLUTE (.))
                0x00000000000026a4                . = ALIGN (0x4)
 *(.got.plt)
 *(.got)
 *(.data1)
 *(.data .data.* .gnu.linkonce.d.*)
 .data          0x00000000000026a4        0x0 ../scannerIO_bsp//obj/HAL/src/crt0.o
 .data          0x00000000000026a4        0x0 obj/default/hello_world_small.o
 .data          0x00000000000026a4        0x0 ../scannerIO_bsp/\libhal_bsp.a(alt_getchar.o)
 .data          0x00000000000026a4        0x0 ../scannerIO_bsp/\libhal_bsp.a(alt_load.o)
 .data          0x00000000000026a4        0x0 ../scannerIO_bsp/\libhal_bsp.a(alt_main.o)
 .data          0x00000000000026a4        0x0 ../scannerIO_bsp/\libhal_bsp.a(alt_putstr.o)
 .data          0x00000000000026a4        0x0 ../scannerIO_bsp/\libhal_bsp.a(alt_usleep.o)
 .data          0x00000000000026a4        0x0 ../scannerIO_bsp/\libhal_bsp.a(alt_sys_init.o)
 .data          0x00000000000026a4        0x0 ../scannerIO_bsp/\libhal_bsp.a(altera_avalon_jtag_uart_read.o)
 .data          0x00000000000026a4        0x0 ../scannerIO_bsp/\libhal_bsp.a(altera_avalon_jtag_uart_write.o)
 .data          0x00000000000026a4        0x0 ../scannerIO_bsp/\libhal_bsp.a(alt_busy_sleep.o)
 .data          0x00000000000026a4        0x0 ../scannerIO_bsp/\libhal_bsp.a(alt_dcache_flush_all.o)
 .data          0x00000000000026a4       0x58 ../scannerIO_bsp/\libhal_bsp.a(alt_dev.o)
                0x00000000000026a4                alt_fd_list
                0x00000000000026d4                alt_dev_null
 .data          0x00000000000026fc        0x0 ../scannerIO_bsp/\libhal_bsp.a(alt_icache_flush_all.o)
 .data          0x00000000000026fc        0x0 ../scannerIO_bsp/\libhal_bsp.a(altera_nios2_qsys_irq.o)
 .data          0x00000000000026fc        0x0 c:/altera/16.0/nios2eds/bin/gnu/h-x86_64-mingw32/bin/../lib/gcc/nios2-elf/5.2.0/../../../../../H-x86_64-mingw32/nios2-elf/lib/mno-hw-mul\libsmallc.a(lib_a-strlen.o)
 .data          0x00000000000026fc        0x0 c:/altera/16.0/nios2eds/bin/gnu/h-x86_64-mingw32/bin/../lib/gcc/nios2-elf/5.2.0/mno-hw-mul\libgcc.a(lib2-divmod.o)
 .data          0x00000000000026fc        0x0 c:/altera/16.0/nios2eds/bin/gnu/h-x86_64-mingw32/bin/../lib/gcc/nios2-elf/5.2.0/mno-hw-mul\libgcc.a(lib2-mul.o)
                0x000000000000a6fc                _gp = ABSOLUTE ((. + 0x8000))
                [!provide]                        PROVIDE (gp, _gp)
 *(.rwdata .rwdata.*)
 *(.sdata .sdata.* .gnu.linkonce.s.*)
 .sdata         0x00000000000026fc        0x4 ../scannerIO_bsp/\libhal_bsp.a(alt_sys_init.o)
                0x00000000000026fc                jtag_uart_0
 .sdata         0x0000000000002700       0x14 ../scannerIO_bsp/\libhal_bsp.a(alt_dev.o)
                0x0000000000002700                alt_max_fd
                0x0000000000002704                alt_dev_list
                0x000000000000270c                alt_fs_list
 *(.sdata2 .sdata2.* .gnu.linkonce.s2.*)
                0x0000000000002714                . = ALIGN (0x4)
                0x0000000000002714                _edata = ABSOLUTE (.)
                [!provide]                        PROVIDE (edata, ABSOLUTE (.))
                0x0000000000002714                PROVIDE (__ram_rwdata_end, ABSOLUTE (.))
                0x0000000000002714                PROVIDE (__flash_rwdata_start, LOADADDR (.rwdata))

.bss            0x0000000000002784        0xc
                0x0000000000002784                __bss_start = ABSOLUTE (.)
                [!provide]                        PROVIDE (__sbss_start, ABSOLUTE (.))
                [!provide]                        PROVIDE (___sbss_start, ABSOLUTE (.))
 *(.dynsbss)
 *(.sbss .sbss.* .gnu.linkonce.sb.*)
 .sbss          0x0000000000002784        0xc ../scannerIO_bsp/\libhal_bsp.a(alt_main.o)
                0x0000000000002784                alt_envp
                0x0000000000002788                alt_argv
                0x000000000000278c                alt_argc
 *(.sbss2 .sbss2.* .gnu.linkonce.sb2.*)
 *(.scommon)
                [!provide]                        PROVIDE (__sbss_end, ABSOLUTE (.))
                [!provide]                        PROVIDE (___sbss_end, ABSOLUTE (.))
 *(.dynbss)
 *(.bss .bss.* .gnu.linkonce.b.*)
 .bss           0x0000000000002790        0x0 ../scannerIO_bsp//obj/HAL/src/crt0.o
 .bss           0x0000000000002790        0x0 obj/default/hello_world_small.o
 .bss           0x0000000000002790        0x0 ../scannerIO_bsp/\libhal_bsp.a(alt_getchar.o)
 .bss           0x0000000000002790        0x0 ../scannerIO_bsp/\libhal_bsp.a(alt_load.o)
 .bss           0x0000000000002790        0x0 ../scannerIO_bsp/\libhal_bsp.a(alt_main.o)
 .bss           0x0000000000002790        0x0 ../scannerIO_bsp/\libhal_bsp.a(alt_putstr.o)
 .bss           0x0000000000002790        0x0 ../scannerIO_bsp/\libhal_bsp.a(alt_usleep.o)
 .bss           0x0000000000002790        0x0 ../scannerIO_bsp/\libhal_bsp.a(alt_sys_init.o)
 .bss           0x0000000000002790        0x0 ../scannerIO_bsp/\libhal_bsp.a(altera_avalon_jtag_uart_read.o)
 .bss           0x0000000000002790        0x0 ../scannerIO_bsp/\libhal_bsp.a(altera_avalon_jtag_uart_write.o)
 .bss           0x0000000000002790        0x0 ../scannerIO_bsp/\libhal_bsp.a(alt_busy_sleep.o)
 .bss           0x0000000000002790        0x0 ../scannerIO_bsp/\libhal_bsp.a(alt_dcache_flush_all.o)
 .bss           0x0000000000002790        0x0 ../scannerIO_bsp/\libhal_bsp.a(alt_dev.o)
 .bss           0x0000000000002790        0x0 ../scannerIO_bsp/\libhal_bsp.a(alt_icache_flush_all.o)
 .bss           0x0000000000002790        0x0 ../scannerIO_bsp/\libhal_bsp.a(altera_nios2_qsys_irq.o)
 .bss           0x0000000000002790        0x0 c:/altera/16.0/nios2eds/bin/gnu/h-x86_64-mingw32/bin/../lib/gcc/nios2-elf/5.2.0/../../../../../H-x86_64-mingw32/nios2-elf/lib/mno-hw-mul\libsmallc.a(lib_a-strlen.o)
 .bss           0x0000000000002790        0x0 c:/altera/16.0/nios2eds/bin/gnu/h-x86_64-mingw32/bin/../lib/gcc/nios2-elf/5.2.0/mno-hw-mul\libgcc.a(lib2-divmod.o)
 .bss           0x0000000000002790        0x0 c:/altera/16.0/nios2eds/bin/gnu/h-x86_64-mingw32/bin/../lib/gcc/nios2-elf/5.2.0/mno-hw-mul\libgcc.a(lib2-mul.o)
 *(COMMON)
                0x0000000000002790                . = ALIGN (0x4)
                0x0000000000002790                __bss_end = ABSOLUTE (.)

.onchip_memory2_0
                0x0000000000002790        0x0
                [!provide]                        PROVIDE (_alt_partition_onchip_memory2_0_start, ABSOLUTE (.))
 *(.onchip_memory2_0 .onchip_memory2_0. onchip_memory2_0.*)
                0x0000000000002790                . = ALIGN (0x4)
                [!provide]                        PROVIDE (_alt_partition_onchip_memory2_0_end, ABSOLUTE (.))
                0x0000000000002790                _end = ABSOLUTE (.)
                0x0000000000002790                end = ABSOLUTE (.)
                0x0000000000002790                __alt_stack_base = ABSOLUTE (.)
                [!provide]                        PROVIDE (_alt_partition_onchip_memory2_0_load_addr, LOADADDR (.onchip_memory2_0))

.stab
 *(.stab)

.stabstr
 *(.stabstr)

.stab.excl
 *(.stab.excl)

.stab.exclstr
 *(.stab.exclstr)

.stab.index
 *(.stab.index)

.stab.indexstr
 *(.stab.indexstr)

.comment        0x0000000000000000       0x23
 *(.comment)
 .comment       0x0000000000000000       0x23 obj/default/hello_world_small.o
                                         0x24 (size before relaxing)
 .comment       0x0000000000000023       0x24 ../scannerIO_bsp/\libhal_bsp.a(alt_getchar.o)
 .comment       0x0000000000000023       0x24 ../scannerIO_bsp/\libhal_bsp.a(alt_load.o)
 .comment       0x0000000000000023       0x24 ../scannerIO_bsp/\libhal_bsp.a(alt_main.o)
 .comment       0x0000000000000023       0x24 ../scannerIO_bsp/\libhal_bsp.a(alt_putstr.o)
 .comment       0x0000000000000023       0x24 ../scannerIO_bsp/\libhal_bsp.a(alt_usleep.o)
 .comment       0x0000000000000023       0x24 ../scannerIO_bsp/\libhal_bsp.a(alt_sys_init.o)
 .comment       0x0000000000000023       0x24 ../scannerIO_bsp/\libhal_bsp.a(altera_avalon_jtag_uart_read.o)
 .comment       0x0000000000000023       0x24 ../scannerIO_bsp/\libhal_bsp.a(altera_avalon_jtag_uart_write.o)
 .comment       0x0000000000000023       0x24 ../scannerIO_bsp/\libhal_bsp.a(alt_busy_sleep.o)
 .comment       0x0000000000000023       0x24 ../scannerIO_bsp/\libhal_bsp.a(alt_dcache_flush_all.o)
 .comment       0x0000000000000023       0x24 ../scannerIO_bsp/\libhal_bsp.a(alt_dev.o)
 .comment       0x0000000000000023       0x24 ../scannerIO_bsp/\libhal_bsp.a(alt_icache_flush_all.o)
 .comment       0x0000000000000023       0x24 ../scannerIO_bsp/\libhal_bsp.a(altera_nios2_qsys_irq.o)
 .comment       0x0000000000000023       0x24 c:/altera/16.0/nios2eds/bin/gnu/h-x86_64-mingw32/bin/../lib/gcc/nios2-elf/5.2.0/../../../../../H-x86_64-mingw32/nios2-elf/lib/mno-hw-mul\libsmallc.a(lib_a-strlen.o)
 .comment       0x0000000000000023       0x24 c:/altera/16.0/nios2eds/bin/gnu/h-x86_64-mingw32/bin/../lib/gcc/nios2-elf/5.2.0/mno-hw-mul\libgcc.a(lib2-divmod.o)
 .comment       0x0000000000000023       0x24 c:/altera/16.0/nios2eds/bin/gnu/h-x86_64-mingw32/bin/../lib/gcc/nios2-elf/5.2.0/mno-hw-mul\libgcc.a(lib2-mul.o)

.debug
 *(.debug)

.line
 *(.line)

.debug_srcinfo
 *(.debug_srcinfo)

.debug_sfnames
 *(.debug_sfnames)

.debug_aranges  0x0000000000000000      0x248
 *(.debug_aranges)
 .debug_aranges
                0x0000000000000000       0x28 ../scannerIO_bsp//obj/HAL/src/crt0.o
 .debug_aranges
                0x0000000000000028       0x20 obj/default/hello_world_small.o
 .debug_aranges
                0x0000000000000048       0x20 ../scannerIO_bsp/\libhal_bsp.a(alt_getchar.o)
 .debug_aranges
                0x0000000000000068       0x20 ../scannerIO_bsp/\libhal_bsp.a(alt_load.o)
 .debug_aranges
                0x0000000000000088       0x20 ../scannerIO_bsp/\libhal_bsp.a(alt_main.o)
 .debug_aranges
                0x00000000000000a8       0x20 ../scannerIO_bsp/\libhal_bsp.a(alt_putstr.o)
 .debug_aranges
                0x00000000000000c8       0x20 ../scannerIO_bsp/\libhal_bsp.a(alt_usleep.o)
 .debug_aranges
                0x00000000000000e8       0x20 ../scannerIO_bsp/\libhal_bsp.a(alt_sys_init.o)
 .debug_aranges
                0x0000000000000108       0x20 ../scannerIO_bsp/\libhal_bsp.a(altera_avalon_jtag_uart_read.o)
 .debug_aranges
                0x0000000000000128       0x20 ../scannerIO_bsp/\libhal_bsp.a(altera_avalon_jtag_uart_write.o)
 .debug_aranges
                0x0000000000000148       0x20 ../scannerIO_bsp/\libhal_bsp.a(alt_busy_sleep.o)
 .debug_aranges
                0x0000000000000168       0x20 ../scannerIO_bsp/\libhal_bsp.a(alt_dcache_flush_all.o)
 .debug_aranges
                0x0000000000000188       0x20 ../scannerIO_bsp/\libhal_bsp.a(alt_dev.o)
 .debug_aranges
                0x00000000000001a8       0x20 ../scannerIO_bsp/\libhal_bsp.a(alt_icache_flush_all.o)
 .debug_aranges
                0x00000000000001c8       0x20 ../scannerIO_bsp/\libhal_bsp.a(altera_nios2_qsys_irq.o)
 .debug_aranges
                0x00000000000001e8       0x20 c:/altera/16.0/nios2eds/bin/gnu/h-x86_64-mingw32/bin/../lib/gcc/nios2-elf/5.2.0/../../../../../H-x86_64-mingw32/nios2-elf/lib/mno-hw-mul\libsmallc.a(lib_a-strlen.o)
 .debug_aranges
                0x0000000000000208       0x20 c:/altera/16.0/nios2eds/bin/gnu/h-x86_64-mingw32/bin/../lib/gcc/nios2-elf/5.2.0/mno-hw-mul\libgcc.a(lib2-divmod.o)
 .debug_aranges
                0x0000000000000228       0x20 c:/altera/16.0/nios2eds/bin/gnu/h-x86_64-mingw32/bin/../lib/gcc/nios2-elf/5.2.0/mno-hw-mul\libgcc.a(lib2-mul.o)

.debug_pubnames
 *(.debug_pubnames)

.debug_info     0x0000000000000000     0x1a6b
 *(.debug_info .gnu.linkonce.wi.*)
 .debug_info    0x0000000000000000       0x53 ../scannerIO_bsp//obj/HAL/src/crt0.o
 .debug_info    0x0000000000000053      0x177 obj/default/hello_world_small.o
 .debug_info    0x00000000000001ca      0x32d ../scannerIO_bsp/\libhal_bsp.a(alt_getchar.o)
 .debug_info    0x00000000000004f7      0x1c9 ../scannerIO_bsp/\libhal_bsp.a(alt_load.o)
 .debug_info    0x00000000000006c0      0x169 ../scannerIO_bsp/\libhal_bsp.a(alt_main.o)
 .debug_info    0x0000000000000829      0x13a ../scannerIO_bsp/\libhal_bsp.a(alt_putstr.o)
 .debug_info    0x0000000000000963       0xd1 ../scannerIO_bsp/\libhal_bsp.a(alt_usleep.o)
 .debug_info    0x0000000000000a34      0x185 ../scannerIO_bsp/\libhal_bsp.a(alt_sys_init.o)
 .debug_info    0x0000000000000bb9      0x1b4 ../scannerIO_bsp/\libhal_bsp.a(altera_avalon_jtag_uart_read.o)
 .debug_info    0x0000000000000d6d      0x197 ../scannerIO_bsp/\libhal_bsp.a(altera_avalon_jtag_uart_write.o)
 .debug_info    0x0000000000000f04       0xd8 ../scannerIO_bsp/\libhal_bsp.a(alt_busy_sleep.o)
 .debug_info    0x0000000000000fdc       0x92 ../scannerIO_bsp/\libhal_bsp.a(alt_dcache_flush_all.o)
 .debug_info    0x000000000000106e      0x499 ../scannerIO_bsp/\libhal_bsp.a(alt_dev.o)
 .debug_info    0x0000000000001507       0x92 ../scannerIO_bsp/\libhal_bsp.a(alt_icache_flush_all.o)
 .debug_info    0x0000000000001599       0x92 ../scannerIO_bsp/\libhal_bsp.a(altera_nios2_qsys_irq.o)
 .debug_info    0x000000000000162b       0xc9 c:/altera/16.0/nios2eds/bin/gnu/h-x86_64-mingw32/bin/../lib/gcc/nios2-elf/5.2.0/../../../../../H-x86_64-mingw32/nios2-elf/lib/mno-hw-mul\libsmallc.a(lib_a-strlen.o)
 .debug_info    0x00000000000016f4      0x2c3 c:/altera/16.0/nios2eds/bin/gnu/h-x86_64-mingw32/bin/../lib/gcc/nios2-elf/5.2.0/mno-hw-mul\libgcc.a(lib2-divmod.o)
 .debug_info    0x00000000000019b7       0xb4 c:/altera/16.0/nios2eds/bin/gnu/h-x86_64-mingw32/bin/../lib/gcc/nios2-elf/5.2.0/mno-hw-mul\libgcc.a(lib2-mul.o)

.debug_abbrev   0x0000000000000000      0xbfe
 *(.debug_abbrev)
 .debug_abbrev  0x0000000000000000       0x12 ../scannerIO_bsp//obj/HAL/src/crt0.o
 .debug_abbrev  0x0000000000000012       0xa3 obj/default/hello_world_small.o
 .debug_abbrev  0x00000000000000b5      0x11d ../scannerIO_bsp/\libhal_bsp.a(alt_getchar.o)
 .debug_abbrev  0x00000000000001d2       0xd8 ../scannerIO_bsp/\libhal_bsp.a(alt_load.o)
 .debug_abbrev  0x00000000000002aa       0xee ../scannerIO_bsp/\libhal_bsp.a(alt_main.o)
 .debug_abbrev  0x0000000000000398       0xd3 ../scannerIO_bsp/\libhal_bsp.a(alt_putstr.o)
 .debug_abbrev  0x000000000000046b       0x8d ../scannerIO_bsp/\libhal_bsp.a(alt_usleep.o)
 .debug_abbrev  0x00000000000004f8      0x107 ../scannerIO_bsp/\libhal_bsp.a(alt_sys_init.o)
 .debug_abbrev  0x00000000000005ff      0x102 ../scannerIO_bsp/\libhal_bsp.a(altera_avalon_jtag_uart_read.o)
 .debug_abbrev  0x0000000000000701       0xd5 ../scannerIO_bsp/\libhal_bsp.a(altera_avalon_jtag_uart_write.o)
 .debug_abbrev  0x00000000000007d6       0x8d ../scannerIO_bsp/\libhal_bsp.a(alt_busy_sleep.o)
 .debug_abbrev  0x0000000000000863       0x42 ../scannerIO_bsp/\libhal_bsp.a(alt_dcache_flush_all.o)
 .debug_abbrev  0x00000000000008a5       0xd9 ../scannerIO_bsp/\libhal_bsp.a(alt_dev.o)
 .debug_abbrev  0x000000000000097e       0x42 ../scannerIO_bsp/\libhal_bsp.a(alt_icache_flush_all.o)
 .debug_abbrev  0x00000000000009c0       0x42 ../scannerIO_bsp/\libhal_bsp.a(altera_nios2_qsys_irq.o)
 .debug_abbrev  0x0000000000000a02       0x7f c:/altera/16.0/nios2eds/bin/gnu/h-x86_64-mingw32/bin/../lib/gcc/nios2-elf/5.2.0/../../../../../H-x86_64-mingw32/nios2-elf/lib/mno-hw-mul\libsmallc.a(lib_a-strlen.o)
 .debug_abbrev  0x0000000000000a81      0x10e c:/altera/16.0/nios2eds/bin/gnu/h-x86_64-mingw32/bin/../lib/gcc/nios2-elf/5.2.0/mno-hw-mul\libgcc.a(lib2-divmod.o)
 .debug_abbrev  0x0000000000000b8f       0x6f c:/altera/16.0/nios2eds/bin/gnu/h-x86_64-mingw32/bin/../lib/gcc/nios2-elf/5.2.0/mno-hw-mul\libgcc.a(lib2-mul.o)

.debug_line     0x0000000000000000      0xd48
 *(.debug_line)
 .debug_line    0x0000000000000000       0x66 ../scannerIO_bsp//obj/HAL/src/crt0.o
 .debug_line    0x0000000000000066      0x10e obj/default/hello_world_small.o
 .debug_line    0x0000000000000174       0xb7 ../scannerIO_bsp/\libhal_bsp.a(alt_getchar.o)
 .debug_line    0x000000000000022b       0xa5 ../scannerIO_bsp/\libhal_bsp.a(alt_load.o)
 .debug_line    0x00000000000002d0       0xbd ../scannerIO_bsp/\libhal_bsp.a(alt_main.o)
 .debug_line    0x000000000000038d       0x98 ../scannerIO_bsp/\libhal_bsp.a(alt_putstr.o)
 .debug_line    0x0000000000000425       0xc7 ../scannerIO_bsp/\libhal_bsp.a(alt_usleep.o)
 .debug_line    0x00000000000004ec      0x101 ../scannerIO_bsp/\libhal_bsp.a(alt_sys_init.o)
 .debug_line    0x00000000000005ed       0xfb ../scannerIO_bsp/\libhal_bsp.a(altera_avalon_jtag_uart_read.o)
 .debug_line    0x00000000000006e8       0xf0 ../scannerIO_bsp/\libhal_bsp.a(altera_avalon_jtag_uart_write.o)
 .debug_line    0x00000000000007d8       0xb5 ../scannerIO_bsp/\libhal_bsp.a(alt_busy_sleep.o)
 .debug_line    0x000000000000088d       0x4e ../scannerIO_bsp/\libhal_bsp.a(alt_dcache_flush_all.o)
 .debug_line    0x00000000000008db       0xee ../scannerIO_bsp/\libhal_bsp.a(alt_dev.o)
 .debug_line    0x00000000000009c9       0x4e ../scannerIO_bsp/\libhal_bsp.a(alt_icache_flush_all.o)
 .debug_line    0x0000000000000a17       0x50 ../scannerIO_bsp/\libhal_bsp.a(altera_nios2_qsys_irq.o)
 .debug_line    0x0000000000000a67      0x15c c:/altera/16.0/nios2eds/bin/gnu/h-x86_64-mingw32/bin/../lib/gcc/nios2-elf/5.2.0/../../../../../H-x86_64-mingw32/nios2-elf/lib/mno-hw-mul\libsmallc.a(lib_a-strlen.o)
 .debug_line    0x0000000000000bc3      0x105 c:/altera/16.0/nios2eds/bin/gnu/h-x86_64-mingw32/bin/../lib/gcc/nios2-elf/5.2.0/mno-hw-mul\libgcc.a(lib2-divmod.o)
 .debug_line    0x0000000000000cc8       0x80 c:/altera/16.0/nios2eds/bin/gnu/h-x86_64-mingw32/bin/../lib/gcc/nios2-elf/5.2.0/mno-hw-mul\libgcc.a(lib2-mul.o)

.debug_frame    0x0000000000000000      0x2c4
 *(.debug_frame)
 .debug_frame   0x0000000000000000       0x30 obj/default/hello_world_small.o
 .debug_frame   0x0000000000000030       0x2c ../scannerIO_bsp/\libhal_bsp.a(alt_getchar.o)
 .debug_frame   0x000000000000005c       0x30 ../scannerIO_bsp/\libhal_bsp.a(alt_load.o)
 .debug_frame   0x000000000000008c       0x2c ../scannerIO_bsp/\libhal_bsp.a(alt_main.o)
 .debug_frame   0x00000000000000b8       0x30 ../scannerIO_bsp/\libhal_bsp.a(alt_putstr.o)
 .debug_frame   0x00000000000000e8       0x20 ../scannerIO_bsp/\libhal_bsp.a(alt_usleep.o)
 .debug_frame   0x0000000000000108       0x3c ../scannerIO_bsp/\libhal_bsp.a(alt_sys_init.o)
 .debug_frame   0x0000000000000144       0x20 ../scannerIO_bsp/\libhal_bsp.a(altera_avalon_jtag_uart_read.o)
 .debug_frame   0x0000000000000164       0x20 ../scannerIO_bsp/\libhal_bsp.a(altera_avalon_jtag_uart_write.o)
 .debug_frame   0x0000000000000184       0x30 ../scannerIO_bsp/\libhal_bsp.a(alt_busy_sleep.o)
 .debug_frame   0x00000000000001b4       0x20 ../scannerIO_bsp/\libhal_bsp.a(alt_dcache_flush_all.o)
 .debug_frame   0x00000000000001d4       0x20 ../scannerIO_bsp/\libhal_bsp.a(alt_dev.o)
 .debug_frame   0x00000000000001f4       0x20 ../scannerIO_bsp/\libhal_bsp.a(alt_icache_flush_all.o)
 .debug_frame   0x0000000000000214       0x20 ../scannerIO_bsp/\libhal_bsp.a(altera_nios2_qsys_irq.o)
 .debug_frame   0x0000000000000234       0x20 c:/altera/16.0/nios2eds/bin/gnu/h-x86_64-mingw32/bin/../lib/gcc/nios2-elf/5.2.0/../../../../../H-x86_64-mingw32/nios2-elf/lib/mno-hw-mul\libsmallc.a(lib_a-strlen.o)
 .debug_frame   0x0000000000000254       0x50 c:/altera/16.0/nios2eds/bin/gnu/h-x86_64-mingw32/bin/../lib/gcc/nios2-elf/5.2.0/mno-hw-mul\libgcc.a(lib2-divmod.o)
 .debug_frame   0x00000000000002a4       0x20 c:/altera/16.0/nios2eds/bin/gnu/h-x86_64-mingw32/bin/../lib/gcc/nios2-elf/5.2.0/mno-hw-mul\libgcc.a(lib2-mul.o)

.debug_str      0x0000000000000000      0x9d7
 *(.debug_str)
 .debug_str     0x0000000000000000       0xf9 obj/default/hello_world_small.o
                                        0x137 (size before relaxing)
 .debug_str     0x00000000000000f9      0x155 ../scannerIO_bsp/\libhal_bsp.a(alt_getchar.o)
                                        0x21c (size before relaxing)
 .debug_str     0x000000000000024e      0x11b ../scannerIO_bsp/\libhal_bsp.a(alt_load.o)
                                        0x220 (size before relaxing)
 .debug_str     0x0000000000000369       0x5e ../scannerIO_bsp/\libhal_bsp.a(alt_main.o)
                                        0x199 (size before relaxing)
 .debug_str     0x00000000000003c7       0x3a ../scannerIO_bsp/\libhal_bsp.a(alt_putstr.o)
                                        0x176 (size before relaxing)
 .debug_str     0x0000000000000401       0x2f ../scannerIO_bsp/\libhal_bsp.a(alt_usleep.o)
                                        0x13b (size before relaxing)
 .debug_str     0x0000000000000430       0x86 ../scannerIO_bsp/\libhal_bsp.a(alt_sys_init.o)
                                        0x20a (size before relaxing)
 .debug_str     0x00000000000004b6       0x3d ../scannerIO_bsp/\libhal_bsp.a(altera_avalon_jtag_uart_read.o)
                                        0x203 (size before relaxing)
 .debug_str     0x00000000000004f3       0x32 ../scannerIO_bsp/\libhal_bsp.a(altera_avalon_jtag_uart_write.o)
                                        0x1f9 (size before relaxing)
 .debug_str     0x0000000000000525       0x33 ../scannerIO_bsp/\libhal_bsp.a(alt_busy_sleep.o)
                                        0x14f (size before relaxing)
 .debug_str     0x0000000000000558       0x1f ../scannerIO_bsp/\libhal_bsp.a(alt_dcache_flush_all.o)
                                        0x139 (size before relaxing)
 .debug_str     0x0000000000000577      0x120 ../scannerIO_bsp/\libhal_bsp.a(alt_dev.o)
                                        0x2e9 (size before relaxing)
 .debug_str     0x0000000000000697       0x1f ../scannerIO_bsp/\libhal_bsp.a(alt_icache_flush_all.o)
                                        0x139 (size before relaxing)
 .debug_str     0x00000000000006b6       0x20 ../scannerIO_bsp/\libhal_bsp.a(altera_nios2_qsys_irq.o)
                                        0x140 (size before relaxing)
 .debug_str     0x00000000000006d6      0x13a c:/altera/16.0/nios2eds/bin/gnu/h-x86_64-mingw32/bin/../lib/gcc/nios2-elf/5.2.0/../../../../../H-x86_64-mingw32/nios2-elf/lib/mno-hw-mul\libsmallc.a(lib_a-strlen.o)
                                        0x1e5 (size before relaxing)
 .debug_str     0x0000000000000810      0x187 c:/altera/16.0/nios2eds/bin/gnu/h-x86_64-mingw32/bin/../lib/gcc/nios2-elf/5.2.0/mno-hw-mul\libgcc.a(lib2-divmod.o)
                                        0x1d2 (size before relaxing)
 .debug_str     0x0000000000000997       0x40 c:/altera/16.0/nios2eds/bin/gnu/h-x86_64-mingw32/bin/../lib/gcc/nios2-elf/5.2.0/mno-hw-mul\libgcc.a(lib2-mul.o)
                                        0x193 (size before relaxing)

.debug_loc      0x0000000000000000      0x7b7
 *(.debug_loc)
 .debug_loc     0x0000000000000000       0x20 obj/default/hello_world_small.o
 .debug_loc     0x0000000000000020       0x37 ../scannerIO_bsp/\libhal_bsp.a(alt_putstr.o)
 .debug_loc     0x0000000000000057       0x21 ../scannerIO_bsp/\libhal_bsp.a(alt_usleep.o)
 .debug_loc     0x0000000000000078       0x21 ../scannerIO_bsp/\libhal_bsp.a(alt_sys_init.o)
 .debug_loc     0x0000000000000099       0xcd ../scannerIO_bsp/\libhal_bsp.a(altera_avalon_jtag_uart_read.o)
 .debug_loc     0x0000000000000166       0x8b ../scannerIO_bsp/\libhal_bsp.a(altera_avalon_jtag_uart_write.o)
 .debug_loc     0x00000000000001f1       0x67 ../scannerIO_bsp/\libhal_bsp.a(alt_busy_sleep.o)
 .debug_loc     0x0000000000000258       0x1e c:/altera/16.0/nios2eds/bin/gnu/h-x86_64-mingw32/bin/../lib/gcc/nios2-elf/5.2.0/../../../../../H-x86_64-mingw32/nios2-elf/lib/mno-hw-mul\libsmallc.a(lib_a-strlen.o)
 .debug_loc     0x0000000000000276      0x4ae c:/altera/16.0/nios2eds/bin/gnu/h-x86_64-mingw32/bin/../lib/gcc/nios2-elf/5.2.0/mno-hw-mul\libgcc.a(lib2-divmod.o)
 .debug_loc     0x0000000000000724       0x93 c:/altera/16.0/nios2eds/bin/gnu/h-x86_64-mingw32/bin/../lib/gcc/nios2-elf/5.2.0/mno-hw-mul\libgcc.a(lib2-mul.o)

.debug_macinfo
 *(.debug_macinfo)

.debug_weaknames
 *(.debug_weaknames)

.debug_funcnames
 *(.debug_funcnames)

.debug_typenames
 *(.debug_typenames)

.debug_varnames
 *(.debug_varnames)

.debug_alt_sim_info
                0x0000000000000000       0x40
 *(.debug_alt_sim_info)
 .debug_alt_sim_info
                0x0000000000000000       0x10 ../scannerIO_bsp//obj/HAL/src/crt0.o
 .debug_alt_sim_info
                0x0000000000000010       0x30 ../scannerIO_bsp/\libhal_bsp.a(alt_busy_sleep.o)
                0x0000000000004000                __alt_data_end = 0x4000
                0x0000000000004000                PROVIDE (__alt_stack_pointer, __alt_data_end)
                [!provide]                        PROVIDE (__alt_stack_limit, __alt_stack_base)
                [!provide]                        PROVIDE (__alt_heap_start, end)
                [!provide]                        PROVIDE (__alt_heap_limit, 0x4000)
OUTPUT(scannerIO.elf elf32-littlenios2)

.debug_ranges   0x0000000000000000      0x108
 .debug_ranges  0x0000000000000000       0x20 ../scannerIO_bsp//obj/HAL/src/crt0.o
 .debug_ranges  0x0000000000000020       0x10 obj/default/hello_world_small.o
 .debug_ranges  0x0000000000000030       0x48 ../scannerIO_bsp/\libhal_bsp.a(alt_load.o)
 .debug_ranges  0x0000000000000078       0x20 ../scannerIO_bsp/\libhal_bsp.a(altera_avalon_jtag_uart_read.o)
 .debug_ranges  0x0000000000000098       0x10 c:/altera/16.0/nios2eds/bin/gnu/h-x86_64-mingw32/bin/../lib/gcc/nios2-elf/5.2.0/../../../../../H-x86_64-mingw32/nios2-elf/lib/mno-hw-mul\libsmallc.a(lib_a-strlen.o)
 .debug_ranges  0x00000000000000a8       0x60 c:/altera/16.0/nios2eds/bin/gnu/h-x86_64-mingw32/bin/../lib/gcc/nios2-elf/5.2.0/mno-hw-mul\libgcc.a(lib2-divmod.o)
