Archive member included to satisfy reference by file (symbol)

../scannerToProcessor_bsp/\libhal_bsp.a(alt_getchar.o)
                              obj/default/hello_world_small.o (alt_getchar)
../scannerToProcessor_bsp/\libhal_bsp.a(alt_load.o)
                              ../scannerToProcessor_bsp//obj/HAL/src/crt0.o (alt_load)
../scannerToProcessor_bsp/\libhal_bsp.a(alt_main.o)
                              ../scannerToProcessor_bsp//obj/HAL/src/crt0.o (alt_main)
../scannerToProcessor_bsp/\libhal_bsp.a(alt_putstr.o)
                              obj/default/hello_world_small.o (alt_putstr)
../scannerToProcessor_bsp/\libhal_bsp.a(alt_usleep.o)
                              obj/default/hello_world_small.o (usleep)
../scannerToProcessor_bsp/\libhal_bsp.a(alt_sys_init.o)
                              ../scannerToProcessor_bsp/\libhal_bsp.a(alt_main.o) (alt_irq_init)
../scannerToProcessor_bsp/\libhal_bsp.a(altera_avalon_jtag_uart_read.o)
                              ../scannerToProcessor_bsp/\libhal_bsp.a(alt_getchar.o) (altera_avalon_jtag_uart_read)
../scannerToProcessor_bsp/\libhal_bsp.a(altera_avalon_jtag_uart_write.o)
                              ../scannerToProcessor_bsp/\libhal_bsp.a(alt_putstr.o) (altera_avalon_jtag_uart_write)
../scannerToProcessor_bsp/\libhal_bsp.a(alt_busy_sleep.o)
                              ../scannerToProcessor_bsp/\libhal_bsp.a(alt_usleep.o) (alt_busy_sleep)
../scannerToProcessor_bsp/\libhal_bsp.a(alt_dcache_flush_all.o)
                              ../scannerToProcessor_bsp/\libhal_bsp.a(alt_load.o) (alt_dcache_flush_all)
../scannerToProcessor_bsp/\libhal_bsp.a(alt_dev.o)
                              ../scannerToProcessor_bsp/\libhal_bsp.a(alt_getchar.o) (alt_fd_list)
../scannerToProcessor_bsp/\libhal_bsp.a(alt_icache_flush_all.o)
                              ../scannerToProcessor_bsp/\libhal_bsp.a(alt_load.o) (alt_icache_flush_all)
../scannerToProcessor_bsp/\libhal_bsp.a(altera_nios2_qsys_irq.o)
                              ../scannerToProcessor_bsp/\libhal_bsp.a(alt_sys_init.o) (altera_nios2_qsys_irq_init)
c:/altera/16.0/nios2eds/bin/gnu/h-x86_64-mingw32/bin/../lib/gcc/nios2-elf/5.2.0/../../../../../H-x86_64-mingw32/nios2-elf/lib/mno-hw-mul\libsmallc.a(lib_a-strlen.o)
                              ../scannerToProcessor_bsp/\libhal_bsp.a(alt_putstr.o) (strlen)
c:/altera/16.0/nios2eds/bin/gnu/h-x86_64-mingw32/bin/../lib/gcc/nios2-elf/5.2.0/mno-hw-mul\libgcc.a(lib2-divmod.o)
                              ../scannerToProcessor_bsp/\libhal_bsp.a(alt_busy_sleep.o) (__udivsi3)
c:/altera/16.0/nios2eds/bin/gnu/h-x86_64-mingw32/bin/../lib/gcc/nios2-elf/5.2.0/mno-hw-mul\libgcc.a(lib2-mul.o)
                              ../scannerToProcessor_bsp/\libhal_bsp.a(alt_busy_sleep.o) (__mulsi3)

Memory Configuration

Name             Origin             Length             Attributes
reset            0x0000000000002000 0x0000000000000020
onchip_mem       0x0000000000002020 0x0000000000001fe0
*default*        0x0000000000000000 0xffffffffffffffff

Linker script and memory map

LOAD ../scannerToProcessor_bsp//obj/HAL/src/crt0.o
LOAD obj/default/hello_world_small.o
LOAD c:/altera/16.0/nios2eds/bin/gnu/h-x86_64-mingw32/bin/../lib/gcc/nios2-elf/5.2.0/../../../../../H-x86_64-mingw32/nios2-elf/lib/mno-hw-mul\libstdc++.a
LOAD c:/altera/16.0/nios2eds/bin/gnu/h-x86_64-mingw32/bin/../lib/gcc/nios2-elf/5.2.0/../../../../../H-x86_64-mingw32/nios2-elf/lib/mno-hw-mul\libm.a
LOAD c:/altera/16.0/nios2eds/bin/gnu/h-x86_64-mingw32/bin/../lib/gcc/nios2-elf/5.2.0/mno-hw-mul\libgcc.a
START GROUP
LOAD c:/altera/16.0/nios2eds/bin/gnu/h-x86_64-mingw32/bin/../lib/gcc/nios2-elf/5.2.0/../../../../../H-x86_64-mingw32/nios2-elf/lib/mno-hw-mul\libsmallc.a
LOAD c:/altera/16.0/nios2eds/bin/gnu/h-x86_64-mingw32/bin/../lib/gcc/nios2-elf/5.2.0/mno-hw-mul\libgcc.a
LOAD ../scannerToProcessor_bsp/\libhal_bsp.a
LOAD c:/altera/16.0/nios2eds/bin/gnu/h-x86_64-mingw32/bin/../lib/gcc/nios2-elf/5.2.0/../../../../../H-x86_64-mingw32/nios2-elf/lib/mno-hw-mul\libm.a
END GROUP
LOAD c:/altera/16.0/nios2eds/bin/gnu/h-x86_64-mingw32/bin/../lib/gcc/nios2-elf/5.2.0/mno-hw-mul\libgcc.a
                0x0000000000002000                __alt_mem_onchip_mem = 0x2000

.entry          0x0000000000002000       0x20
 *(.entry)
 .entry         0x0000000000002000       0x20 ../scannerToProcessor_bsp//obj/HAL/src/crt0.o
                0x0000000000002000                __reset
                0x000000000000200c                _exit

.exceptions     0x0000000000002020        0x0
                0x0000000000002020                PROVIDE (__ram_exceptions_start, ABSOLUTE (.))
                0x0000000000002020                . = ALIGN (0x20)
 *(.irq)
 *(.exceptions.entry.label)
 *(.exceptions.entry.user)
 *(.exceptions.entry.ecc_fatal)
 *(.exceptions.entry)
 *(.exceptions.irqtest.user)
 *(.exceptions.irqtest)
 *(.exceptions.irqhandler.user)
 *(.exceptions.irqhandler)
 *(.exceptions.irqreturn.user)
 *(.exceptions.irqreturn)
 *(.exceptions.notirq.label)
 *(.exceptions.notirq.user)
 *(.exceptions.notirq)
 *(.exceptions.soft.user)
 *(.exceptions.soft)
 *(.exceptions.unknown.user)
 *(.exceptions.unknown)
 *(.exceptions.exit.label)
 *(.exceptions.exit.user)
 *(.exceptions.exit)
 *(.exceptions)
                0x0000000000002020                PROVIDE (__ram_exceptions_end, ABSOLUTE (.))
                0x0000000000002020                PROVIDE (__flash_exceptions_start, LOADADDR (.exceptions))

.text           0x0000000000002020      0x5ec
                [!provide]                        PROVIDE (stext, ABSOLUTE (.))
 *(.interp)
 *(.hash)
 *(.dynsym)
 *(.dynstr)
 *(.gnu.version)
 *(.gnu.version_d)
 *(.gnu.version_r)
 *(.rel.init)
 *(.rela.init)
 *(.rel.text .rel.text.* .rel.gnu.linkonce.t.*)
 *(.rela.text .rela.text.* .rela.gnu.linkonce.t.*)
 *(.rel.fini)
 *(.rela.fini)
 *(.rel.rodata .rel.rodata.* .rel.gnu.linkonce.r.*)
 *(.rela.rodata .rela.rodata.* .rela.gnu.linkonce.r.*)
 *(.rel.data .rel.data.* .rel.gnu.linkonce.d.*)
 *(.rela.data .rela.data.* .rela.gnu.linkonce.d.*)
 *(.rel.tdata .rel.tdata.* .rel.gnu.linkonce.td.*)
 *(.rela.tdata .rela.tdata.* .rela.gnu.linkonce.td.*)
 *(.rel.tbss .rel.tbss.* .rel.gnu.linkonce.tb.*)
 *(.rela.tbss .rela.tbss.* .rela.gnu.linkonce.tb.*)
 *(.rel.ctors)
 *(.rela.ctors)
 *(.rel.dtors)
 *(.rela.dtors)
 *(.rel.got)
 *(.rela.got)
 *(.rel.sdata .rel.sdata.* .rel.gnu.linkonce.s.*)
 *(.rela.sdata .rela.sdata.* .rela.gnu.linkonce.s.*)
 *(.rel.sbss .rel.sbss.* .rel.gnu.linkonce.sb.*)
 *(.rela.sbss .rela.sbss.* .rela.gnu.linkonce.sb.*)
 *(.rel.sdata2 .rel.sdata2.* .rel.gnu.linkonce.s2.*)
 *(.rela.sdata2 .rela.sdata2.* .rela.gnu.linkonce.s2.*)
 *(.rel.sbss2 .rel.sbss2.* .rel.gnu.linkonce.sb2.*)
 *(.rela.sbss2 .rela.sbss2.* .rela.gnu.linkonce.sb2.*)
 *(.rel.bss .rel.bss.* .rel.gnu.linkonce.b.*)
 *(.rela.bss .rela.bss.* .rela.gnu.linkonce.b.*)
 *(.rel.plt)
 *(.rela.plt)
 *(.rel.dyn)
 *(.init)
 *(.plt)
 *(.text .stub .text.* .gnu.linkonce.t.*)
 .text          0x0000000000002020       0x3c ../scannerToProcessor_bsp//obj/HAL/src/crt0.o
                0x0000000000002020                _start
 .text          0x000000000000205c        0x0 obj/default/hello_world_small.o
 .text.startup  0x000000000000205c       0xd8 obj/default/hello_world_small.o
                0x000000000000205c                main
 .text          0x0000000000002134       0x44 ../scannerToProcessor_bsp/\libhal_bsp.a(alt_getchar.o)
                0x0000000000002134                alt_getchar
 .text          0x0000000000002178       0xe0 ../scannerToProcessor_bsp/\libhal_bsp.a(alt_load.o)
                0x0000000000002178                alt_load
 .text          0x0000000000002258       0x2c ../scannerToProcessor_bsp/\libhal_bsp.a(alt_main.o)
                0x0000000000002258                alt_main
 .text          0x0000000000002284       0x38 ../scannerToProcessor_bsp/\libhal_bsp.a(alt_putstr.o)
                0x0000000000002284                alt_putstr
 .text          0x00000000000022bc        0x4 ../scannerToProcessor_bsp/\libhal_bsp.a(alt_usleep.o)
                0x00000000000022bc                usleep
 .text          0x00000000000022c0       0x24 ../scannerToProcessor_bsp/\libhal_bsp.a(alt_sys_init.o)
                0x00000000000022c0                alt_irq_init
                0x00000000000022e0                alt_sys_init
 .text          0x00000000000022e4       0x5c ../scannerToProcessor_bsp/\libhal_bsp.a(altera_avalon_jtag_uart_read.o)
                0x00000000000022e4                altera_avalon_jtag_uart_read
 .text          0x0000000000002340       0x34 ../scannerToProcessor_bsp/\libhal_bsp.a(altera_avalon_jtag_uart_write.o)
                0x0000000000002340                altera_avalon_jtag_uart_write
 .text          0x0000000000002374       0x88 ../scannerToProcessor_bsp/\libhal_bsp.a(alt_busy_sleep.o)
                0x0000000000002374                alt_busy_sleep
 .text          0x00000000000023fc        0x4 ../scannerToProcessor_bsp/\libhal_bsp.a(alt_dcache_flush_all.o)
                0x00000000000023fc                alt_dcache_flush_all
 .text          0x0000000000002400        0x8 ../scannerToProcessor_bsp/\libhal_bsp.a(alt_dev.o)
 .text          0x0000000000002408        0x4 ../scannerToProcessor_bsp/\libhal_bsp.a(alt_icache_flush_all.o)
                0x0000000000002408                alt_icache_flush_all
 .text          0x000000000000240c        0x8 ../scannerToProcessor_bsp/\libhal_bsp.a(altera_nios2_qsys_irq.o)
                0x000000000000240c                altera_nios2_qsys_irq_init
 .text          0x0000000000002414        0x0 c:/altera/16.0/nios2eds/bin/gnu/h-x86_64-mingw32/bin/../lib/gcc/nios2-elf/5.2.0/../../../../../H-x86_64-mingw32/nios2-elf/lib/mno-hw-mul\libsmallc.a(lib_a-strlen.o)
 .text.strlen   0x0000000000002414       0x1c c:/altera/16.0/nios2eds/bin/gnu/h-x86_64-mingw32/bin/../lib/gcc/nios2-elf/5.2.0/../../../../../H-x86_64-mingw32/nios2-elf/lib/mno-hw-mul\libsmallc.a(lib_a-strlen.o)
                0x0000000000002414                strlen
 .text          0x0000000000002430      0x1b4 c:/altera/16.0/nios2eds/bin/gnu/h-x86_64-mingw32/bin/../lib/gcc/nios2-elf/5.2.0/mno-hw-mul\libgcc.a(lib2-divmod.o)
                0x0000000000002430                __divsi3
                0x00000000000024b4                __modsi3
                0x0000000000002528                __udivsi3
                0x000000000000258c                __umodsi3
 .text          0x00000000000025e4       0x28 c:/altera/16.0/nios2eds/bin/gnu/h-x86_64-mingw32/bin/../lib/gcc/nios2-elf/5.2.0/mno-hw-mul\libgcc.a(lib2-mul.o)
                0x00000000000025e4                __mulsi3
 *(.gnu.warning.*)
 *(.fini)
                [!provide]                        PROVIDE (__etext, ABSOLUTE (.))
                [!provide]                        PROVIDE (_etext, ABSOLUTE (.))
                [!provide]                        PROVIDE (etext, ABSOLUTE (.))
 *(.eh_frame_hdr)
                0x000000000000260c                . = ALIGN (0x4)
                [!provide]                        PROVIDE (__preinit_array_start, ABSOLUTE (.))
 *(.preinit_array)
                [!provide]                        PROVIDE (__preinit_array_end, ABSOLUTE (.))
                [!provide]                        PROVIDE (__init_array_start, ABSOLUTE (.))
 *(.init_array)
                [!provide]                        PROVIDE (__init_array_end, ABSOLUTE (.))
                [!provide]                        PROVIDE (__fini_array_start, ABSOLUTE (.))
 *(.fini_array)
                [!provide]                        PROVIDE (__fini_array_end, ABSOLUTE (.))
 *(.eh_frame)
 *(.gcc_except_table .gcc_except_table.*)
 *(.dynamic)
                [!provide]                        PROVIDE (__CTOR_LIST__, ABSOLUTE (.))
 *(.ctors)
 *(SORT(.ctors.*))
                [!provide]                        PROVIDE (__CTOR_END__, ABSOLUTE (.))
                [!provide]                        PROVIDE (__DTOR_LIST__, ABSOLUTE (.))
 *(.dtors)
 *(SORT(.dtors.*))
                [!provide]                        PROVIDE (__DTOR_END__, ABSOLUTE (.))
 *(.jcr)
                0x000000000000260c                . = ALIGN (0x4)

.rodata         0x000000000000260c       0x68
                0x000000000000260c                PROVIDE (__ram_rodata_start, ABSOLUTE (.))
                0x000000000000260c                . = ALIGN (0x4)
 *(.rodata .rodata.* .gnu.linkonce.r.*)
 .rodata.str1.4
                0x000000000000260c       0x5b obj/default/hello_world_small.o
 *fill*         0x0000000000002667        0x1 
 .rodata.str1.4
                0x0000000000002668        0xc ../scannerToProcessor_bsp/\libhal_bsp.a(alt_dev.o)
                                          0xa (size before relaxing)
 *(.rodata1)
                0x0000000000002674                . = ALIGN (0x4)
                0x0000000000002674                PROVIDE (__ram_rodata_end, ABSOLUTE (.))
                0x000000000000260c                PROVIDE (__flash_rodata_start, LOADADDR (.rodata))

.rwdata         0x0000000000002674       0x70 load address 0x00000000000026e4
                0x0000000000002674                PROVIDE (__ram_rwdata_start, ABSOLUTE (.))
                0x0000000000002674                . = ALIGN (0x4)
 *(.got.plt)
 *(.got)
 *(.data1)
 *(.data .data.* .gnu.linkonce.d.*)
 .data          0x0000000000002674        0x0 ../scannerToProcessor_bsp//obj/HAL/src/crt0.o
 .data          0x0000000000002674        0x0 obj/default/hello_world_small.o
 .data          0x0000000000002674        0x0 ../scannerToProcessor_bsp/\libhal_bsp.a(alt_getchar.o)
 .data          0x0000000000002674        0x0 ../scannerToProcessor_bsp/\libhal_bsp.a(alt_load.o)
 .data          0x0000000000002674        0x0 ../scannerToProcessor_bsp/\libhal_bsp.a(alt_main.o)
 .data          0x0000000000002674        0x0 ../scannerToProcessor_bsp/\libhal_bsp.a(alt_putstr.o)
 .data          0x0000000000002674        0x0 ../scannerToProcessor_bsp/\libhal_bsp.a(alt_usleep.o)
 .data          0x0000000000002674        0x0 ../scannerToProcessor_bsp/\libhal_bsp.a(alt_sys_init.o)
 .data          0x0000000000002674        0x0 ../scannerToProcessor_bsp/\libhal_bsp.a(altera_avalon_jtag_uart_read.o)
 .data          0x0000000000002674        0x0 ../scannerToProcessor_bsp/\libhal_bsp.a(altera_avalon_jtag_uart_write.o)
 .data          0x0000000000002674        0x0 ../scannerToProcessor_bsp/\libhal_bsp.a(alt_busy_sleep.o)
 .data          0x0000000000002674        0x0 ../scannerToProcessor_bsp/\libhal_bsp.a(alt_dcache_flush_all.o)
 .data          0x0000000000002674       0x58 ../scannerToProcessor_bsp/\libhal_bsp.a(alt_dev.o)
                0x0000000000002674                alt_fd_list
                0x00000000000026a4                alt_dev_null
 .data          0x00000000000026cc        0x0 ../scannerToProcessor_bsp/\libhal_bsp.a(alt_icache_flush_all.o)
 .data          0x00000000000026cc        0x0 ../scannerToProcessor_bsp/\libhal_bsp.a(altera_nios2_qsys_irq.o)
 .data          0x00000000000026cc        0x0 c:/altera/16.0/nios2eds/bin/gnu/h-x86_64-mingw32/bin/../lib/gcc/nios2-elf/5.2.0/../../../../../H-x86_64-mingw32/nios2-elf/lib/mno-hw-mul\libsmallc.a(lib_a-strlen.o)
 .data          0x00000000000026cc        0x0 c:/altera/16.0/nios2eds/bin/gnu/h-x86_64-mingw32/bin/../lib/gcc/nios2-elf/5.2.0/mno-hw-mul\libgcc.a(lib2-divmod.o)
 .data          0x00000000000026cc        0x0 c:/altera/16.0/nios2eds/bin/gnu/h-x86_64-mingw32/bin/../lib/gcc/nios2-elf/5.2.0/mno-hw-mul\libgcc.a(lib2-mul.o)
                0x000000000000a6cc                _gp = ABSOLUTE ((. + 0x8000))
                [!provide]                        PROVIDE (gp, _gp)
 *(.rwdata .rwdata.*)
 *(.sdata .sdata.* .gnu.linkonce.s.*)
 .sdata         0x00000000000026cc        0x4 ../scannerToProcessor_bsp/\libhal_bsp.a(alt_sys_init.o)
                0x00000000000026cc                jtag_uart_0
 .sdata         0x00000000000026d0       0x14 ../scannerToProcessor_bsp/\libhal_bsp.a(alt_dev.o)
                0x00000000000026d0                alt_max_fd
                0x00000000000026d4                alt_dev_list
                0x00000000000026dc                alt_fs_list
 *(.sdata2 .sdata2.* .gnu.linkonce.s2.*)
                0x00000000000026e4                . = ALIGN (0x4)
                0x00000000000026e4                _edata = ABSOLUTE (.)
                [!provide]                        PROVIDE (edata, ABSOLUTE (.))
                0x00000000000026e4                PROVIDE (__ram_rwdata_end, ABSOLUTE (.))
                0x00000000000026e4                PROVIDE (__flash_rwdata_start, LOADADDR (.rwdata))

.bss            0x0000000000002754        0xc
                0x0000000000002754                __bss_start = ABSOLUTE (.)
                [!provide]                        PROVIDE (__sbss_start, ABSOLUTE (.))
                [!provide]                        PROVIDE (___sbss_start, ABSOLUTE (.))
 *(.dynsbss)
 *(.sbss .sbss.* .gnu.linkonce.sb.*)
 .sbss          0x0000000000002754        0xc ../scannerToProcessor_bsp/\libhal_bsp.a(alt_main.o)
                0x0000000000002754                alt_envp
                0x0000000000002758                alt_argv
                0x000000000000275c                alt_argc
 *(.sbss2 .sbss2.* .gnu.linkonce.sb2.*)
 *(.scommon)
                [!provide]                        PROVIDE (__sbss_end, ABSOLUTE (.))
                [!provide]                        PROVIDE (___sbss_end, ABSOLUTE (.))
 *(.dynbss)
 *(.bss .bss.* .gnu.linkonce.b.*)
 .bss           0x0000000000002760        0x0 ../scannerToProcessor_bsp//obj/HAL/src/crt0.o
 .bss           0x0000000000002760        0x0 obj/default/hello_world_small.o
 .bss           0x0000000000002760        0x0 ../scannerToProcessor_bsp/\libhal_bsp.a(alt_getchar.o)
 .bss           0x0000000000002760        0x0 ../scannerToProcessor_bsp/\libhal_bsp.a(alt_load.o)
 .bss           0x0000000000002760        0x0 ../scannerToProcessor_bsp/\libhal_bsp.a(alt_main.o)
 .bss           0x0000000000002760        0x0 ../scannerToProcessor_bsp/\libhal_bsp.a(alt_putstr.o)
 .bss           0x0000000000002760        0x0 ../scannerToProcessor_bsp/\libhal_bsp.a(alt_usleep.o)
 .bss           0x0000000000002760        0x0 ../scannerToProcessor_bsp/\libhal_bsp.a(alt_sys_init.o)
 .bss           0x0000000000002760        0x0 ../scannerToProcessor_bsp/\libhal_bsp.a(altera_avalon_jtag_uart_read.o)
 .bss           0x0000000000002760        0x0 ../scannerToProcessor_bsp/\libhal_bsp.a(altera_avalon_jtag_uart_write.o)
 .bss           0x0000000000002760        0x0 ../scannerToProcessor_bsp/\libhal_bsp.a(alt_busy_sleep.o)
 .bss           0x0000000000002760        0x0 ../scannerToProcessor_bsp/\libhal_bsp.a(alt_dcache_flush_all.o)
 .bss           0x0000000000002760        0x0 ../scannerToProcessor_bsp/\libhal_bsp.a(alt_dev.o)
 .bss           0x0000000000002760        0x0 ../scannerToProcessor_bsp/\libhal_bsp.a(alt_icache_flush_all.o)
 .bss           0x0000000000002760        0x0 ../scannerToProcessor_bsp/\libhal_bsp.a(altera_nios2_qsys_irq.o)
 .bss           0x0000000000002760        0x0 c:/altera/16.0/nios2eds/bin/gnu/h-x86_64-mingw32/bin/../lib/gcc/nios2-elf/5.2.0/../../../../../H-x86_64-mingw32/nios2-elf/lib/mno-hw-mul\libsmallc.a(lib_a-strlen.o)
 .bss           0x0000000000002760        0x0 c:/altera/16.0/nios2eds/bin/gnu/h-x86_64-mingw32/bin/../lib/gcc/nios2-elf/5.2.0/mno-hw-mul\libgcc.a(lib2-divmod.o)
 .bss           0x0000000000002760        0x0 c:/altera/16.0/nios2eds/bin/gnu/h-x86_64-mingw32/bin/../lib/gcc/nios2-elf/5.2.0/mno-hw-mul\libgcc.a(lib2-mul.o)
 *(COMMON)
                0x0000000000002760                . = ALIGN (0x4)
                0x0000000000002760                __bss_end = ABSOLUTE (.)

.onchip_mem     0x0000000000002760        0x0
                [!provide]                        PROVIDE (_alt_partition_onchip_mem_start, ABSOLUTE (.))
 *(.onchip_mem .onchip_mem. onchip_mem.*)
                0x0000000000002760                . = ALIGN (0x4)
                [!provide]                        PROVIDE (_alt_partition_onchip_mem_end, ABSOLUTE (.))
                0x0000000000002760                _end = ABSOLUTE (.)
                0x0000000000002760                end = ABSOLUTE (.)
                0x0000000000002760                __alt_stack_base = ABSOLUTE (.)
                [!provide]                        PROVIDE (_alt_partition_onchip_mem_load_addr, LOADADDR (.onchip_mem))

.stab
 *(.stab)

.stabstr
 *(.stabstr)

.stab.excl
 *(.stab.excl)

.stab.exclstr
 *(.stab.exclstr)

.stab.index
 *(.stab.index)

.stab.indexstr
 *(.stab.indexstr)

.comment        0x0000000000000000       0x23
 *(.comment)
 .comment       0x0000000000000000       0x23 obj/default/hello_world_small.o
                                         0x24 (size before relaxing)
 .comment       0x0000000000000023       0x24 ../scannerToProcessor_bsp/\libhal_bsp.a(alt_getchar.o)
 .comment       0x0000000000000023       0x24 ../scannerToProcessor_bsp/\libhal_bsp.a(alt_load.o)
 .comment       0x0000000000000023       0x24 ../scannerToProcessor_bsp/\libhal_bsp.a(alt_main.o)
 .comment       0x0000000000000023       0x24 ../scannerToProcessor_bsp/\libhal_bsp.a(alt_putstr.o)
 .comment       0x0000000000000023       0x24 ../scannerToProcessor_bsp/\libhal_bsp.a(alt_usleep.o)
 .comment       0x0000000000000023       0x24 ../scannerToProcessor_bsp/\libhal_bsp.a(alt_sys_init.o)
 .comment       0x0000000000000023       0x24 ../scannerToProcessor_bsp/\libhal_bsp.a(altera_avalon_jtag_uart_read.o)
 .comment       0x0000000000000023       0x24 ../scannerToProcessor_bsp/\libhal_bsp.a(altera_avalon_jtag_uart_write.o)
 .comment       0x0000000000000023       0x24 ../scannerToProcessor_bsp/\libhal_bsp.a(alt_busy_sleep.o)
 .comment       0x0000000000000023       0x24 ../scannerToProcessor_bsp/\libhal_bsp.a(alt_dcache_flush_all.o)
 .comment       0x0000000000000023       0x24 ../scannerToProcessor_bsp/\libhal_bsp.a(alt_dev.o)
 .comment       0x0000000000000023       0x24 ../scannerToProcessor_bsp/\libhal_bsp.a(alt_icache_flush_all.o)
 .comment       0x0000000000000023       0x24 ../scannerToProcessor_bsp/\libhal_bsp.a(altera_nios2_qsys_irq.o)
 .comment       0x0000000000000023       0x24 c:/altera/16.0/nios2eds/bin/gnu/h-x86_64-mingw32/bin/../lib/gcc/nios2-elf/5.2.0/../../../../../H-x86_64-mingw32/nios2-elf/lib/mno-hw-mul\libsmallc.a(lib_a-strlen.o)
 .comment       0x0000000000000023       0x24 c:/altera/16.0/nios2eds/bin/gnu/h-x86_64-mingw32/bin/../lib/gcc/nios2-elf/5.2.0/mno-hw-mul\libgcc.a(lib2-divmod.o)
 .comment       0x0000000000000023       0x24 c:/altera/16.0/nios2eds/bin/gnu/h-x86_64-mingw32/bin/../lib/gcc/nios2-elf/5.2.0/mno-hw-mul\libgcc.a(lib2-mul.o)

.debug
 *(.debug)

.line
 *(.line)

.debug_srcinfo
 *(.debug_srcinfo)

.debug_sfnames
 *(.debug_sfnames)

.debug_aranges  0x0000000000000000      0x248
 *(.debug_aranges)
 .debug_aranges
                0x0000000000000000       0x28 ../scannerToProcessor_bsp//obj/HAL/src/crt0.o
 .debug_aranges
                0x0000000000000028       0x20 obj/default/hello_world_small.o
 .debug_aranges
                0x0000000000000048       0x20 ../scannerToProcessor_bsp/\libhal_bsp.a(alt_getchar.o)
 .debug_aranges
                0x0000000000000068       0x20 ../scannerToProcessor_bsp/\libhal_bsp.a(alt_load.o)
 .debug_aranges
                0x0000000000000088       0x20 ../scannerToProcessor_bsp/\libhal_bsp.a(alt_main.o)
 .debug_aranges
                0x00000000000000a8       0x20 ../scannerToProcessor_bsp/\libhal_bsp.a(alt_putstr.o)
 .debug_aranges
                0x00000000000000c8       0x20 ../scannerToProcessor_bsp/\libhal_bsp.a(alt_usleep.o)
 .debug_aranges
                0x00000000000000e8       0x20 ../scannerToProcessor_bsp/\libhal_bsp.a(alt_sys_init.o)
 .debug_aranges
                0x0000000000000108       0x20 ../scannerToProcessor_bsp/\libhal_bsp.a(altera_avalon_jtag_uart_read.o)
 .debug_aranges
                0x0000000000000128       0x20 ../scannerToProcessor_bsp/\libhal_bsp.a(altera_avalon_jtag_uart_write.o)
 .debug_aranges
                0x0000000000000148       0x20 ../scannerToProcessor_bsp/\libhal_bsp.a(alt_busy_sleep.o)
 .debug_aranges
                0x0000000000000168       0x20 ../scannerToProcessor_bsp/\libhal_bsp.a(alt_dcache_flush_all.o)
 .debug_aranges
                0x0000000000000188       0x20 ../scannerToProcessor_bsp/\libhal_bsp.a(alt_dev.o)
 .debug_aranges
                0x00000000000001a8       0x20 ../scannerToProcessor_bsp/\libhal_bsp.a(alt_icache_flush_all.o)
 .debug_aranges
                0x00000000000001c8       0x20 ../scannerToProcessor_bsp/\libhal_bsp.a(altera_nios2_qsys_irq.o)
 .debug_aranges
                0x00000000000001e8       0x20 c:/altera/16.0/nios2eds/bin/gnu/h-x86_64-mingw32/bin/../lib/gcc/nios2-elf/5.2.0/../../../../../H-x86_64-mingw32/nios2-elf/lib/mno-hw-mul\libsmallc.a(lib_a-strlen.o)
 .debug_aranges
                0x0000000000000208       0x20 c:/altera/16.0/nios2eds/bin/gnu/h-x86_64-mingw32/bin/../lib/gcc/nios2-elf/5.2.0/mno-hw-mul\libgcc.a(lib2-divmod.o)
 .debug_aranges
                0x0000000000000228       0x20 c:/altera/16.0/nios2eds/bin/gnu/h-x86_64-mingw32/bin/../lib/gcc/nios2-elf/5.2.0/mno-hw-mul\libgcc.a(lib2-mul.o)

.debug_pubnames
 *(.debug_pubnames)

.debug_info     0x0000000000000000     0x1a60
 *(.debug_info .gnu.linkonce.wi.*)
 .debug_info    0x0000000000000000       0x5c ../scannerToProcessor_bsp//obj/HAL/src/crt0.o
 .debug_info    0x000000000000005c      0x163 obj/default/hello_world_small.o
 .debug_info    0x00000000000001bf      0x32d ../scannerToProcessor_bsp/\libhal_bsp.a(alt_getchar.o)
 .debug_info    0x00000000000004ec      0x1c9 ../scannerToProcessor_bsp/\libhal_bsp.a(alt_load.o)
 .debug_info    0x00000000000006b5      0x169 ../scannerToProcessor_bsp/\libhal_bsp.a(alt_main.o)
 .debug_info    0x000000000000081e      0x13a ../scannerToProcessor_bsp/\libhal_bsp.a(alt_putstr.o)
 .debug_info    0x0000000000000958       0xd1 ../scannerToProcessor_bsp/\libhal_bsp.a(alt_usleep.o)
 .debug_info    0x0000000000000a29      0x185 ../scannerToProcessor_bsp/\libhal_bsp.a(alt_sys_init.o)
 .debug_info    0x0000000000000bae      0x1b4 ../scannerToProcessor_bsp/\libhal_bsp.a(altera_avalon_jtag_uart_read.o)
 .debug_info    0x0000000000000d62      0x197 ../scannerToProcessor_bsp/\libhal_bsp.a(altera_avalon_jtag_uart_write.o)
 .debug_info    0x0000000000000ef9       0xd8 ../scannerToProcessor_bsp/\libhal_bsp.a(alt_busy_sleep.o)
 .debug_info    0x0000000000000fd1       0x92 ../scannerToProcessor_bsp/\libhal_bsp.a(alt_dcache_flush_all.o)
 .debug_info    0x0000000000001063      0x499 ../scannerToProcessor_bsp/\libhal_bsp.a(alt_dev.o)
 .debug_info    0x00000000000014fc       0x92 ../scannerToProcessor_bsp/\libhal_bsp.a(alt_icache_flush_all.o)
 .debug_info    0x000000000000158e       0x92 ../scannerToProcessor_bsp/\libhal_bsp.a(altera_nios2_qsys_irq.o)
 .debug_info    0x0000000000001620       0xc9 c:/altera/16.0/nios2eds/bin/gnu/h-x86_64-mingw32/bin/../lib/gcc/nios2-elf/5.2.0/../../../../../H-x86_64-mingw32/nios2-elf/lib/mno-hw-mul\libsmallc.a(lib_a-strlen.o)
 .debug_info    0x00000000000016e9      0x2c3 c:/altera/16.0/nios2eds/bin/gnu/h-x86_64-mingw32/bin/../lib/gcc/nios2-elf/5.2.0/mno-hw-mul\libgcc.a(lib2-divmod.o)
 .debug_info    0x00000000000019ac       0xb4 c:/altera/16.0/nios2eds/bin/gnu/h-x86_64-mingw32/bin/../lib/gcc/nios2-elf/5.2.0/mno-hw-mul\libgcc.a(lib2-mul.o)

.debug_abbrev   0x0000000000000000      0xbf1
 *(.debug_abbrev)
 .debug_abbrev  0x0000000000000000       0x12 ../scannerToProcessor_bsp//obj/HAL/src/crt0.o
 .debug_abbrev  0x0000000000000012       0x96 obj/default/hello_world_small.o
 .debug_abbrev  0x00000000000000a8      0x11d ../scannerToProcessor_bsp/\libhal_bsp.a(alt_getchar.o)
 .debug_abbrev  0x00000000000001c5       0xd8 ../scannerToProcessor_bsp/\libhal_bsp.a(alt_load.o)
 .debug_abbrev  0x000000000000029d       0xee ../scannerToProcessor_bsp/\libhal_bsp.a(alt_main.o)
 .debug_abbrev  0x000000000000038b       0xd3 ../scannerToProcessor_bsp/\libhal_bsp.a(alt_putstr.o)
 .debug_abbrev  0x000000000000045e       0x8d ../scannerToProcessor_bsp/\libhal_bsp.a(alt_usleep.o)
 .debug_abbrev  0x00000000000004eb      0x107 ../scannerToProcessor_bsp/\libhal_bsp.a(alt_sys_init.o)
 .debug_abbrev  0x00000000000005f2      0x102 ../scannerToProcessor_bsp/\libhal_bsp.a(altera_avalon_jtag_uart_read.o)
 .debug_abbrev  0x00000000000006f4       0xd5 ../scannerToProcessor_bsp/\libhal_bsp.a(altera_avalon_jtag_uart_write.o)
 .debug_abbrev  0x00000000000007c9       0x8d ../scannerToProcessor_bsp/\libhal_bsp.a(alt_busy_sleep.o)
 .debug_abbrev  0x0000000000000856       0x42 ../scannerToProcessor_bsp/\libhal_bsp.a(alt_dcache_flush_all.o)
 .debug_abbrev  0x0000000000000898       0xd9 ../scannerToProcessor_bsp/\libhal_bsp.a(alt_dev.o)
 .debug_abbrev  0x0000000000000971       0x42 ../scannerToProcessor_bsp/\libhal_bsp.a(alt_icache_flush_all.o)
 .debug_abbrev  0x00000000000009b3       0x42 ../scannerToProcessor_bsp/\libhal_bsp.a(altera_nios2_qsys_irq.o)
 .debug_abbrev  0x00000000000009f5       0x7f c:/altera/16.0/nios2eds/bin/gnu/h-x86_64-mingw32/bin/../lib/gcc/nios2-elf/5.2.0/../../../../../H-x86_64-mingw32/nios2-elf/lib/mno-hw-mul\libsmallc.a(lib_a-strlen.o)
 .debug_abbrev  0x0000000000000a74      0x10e c:/altera/16.0/nios2eds/bin/gnu/h-x86_64-mingw32/bin/../lib/gcc/nios2-elf/5.2.0/mno-hw-mul\libgcc.a(lib2-divmod.o)
 .debug_abbrev  0x0000000000000b82       0x6f c:/altera/16.0/nios2eds/bin/gnu/h-x86_64-mingw32/bin/../lib/gcc/nios2-elf/5.2.0/mno-hw-mul\libgcc.a(lib2-mul.o)

.debug_line     0x0000000000000000      0xd28
 *(.debug_line)
 .debug_line    0x0000000000000000       0x66 ../scannerToProcessor_bsp//obj/HAL/src/crt0.o
 .debug_line    0x0000000000000066       0xee obj/default/hello_world_small.o
 .debug_line    0x0000000000000154       0xb7 ../scannerToProcessor_bsp/\libhal_bsp.a(alt_getchar.o)
 .debug_line    0x000000000000020b       0xa5 ../scannerToProcessor_bsp/\libhal_bsp.a(alt_load.o)
 .debug_line    0x00000000000002b0       0xbd ../scannerToProcessor_bsp/\libhal_bsp.a(alt_main.o)
 .debug_line    0x000000000000036d       0x98 ../scannerToProcessor_bsp/\libhal_bsp.a(alt_putstr.o)
 .debug_line    0x0000000000000405       0xc7 ../scannerToProcessor_bsp/\libhal_bsp.a(alt_usleep.o)
 .debug_line    0x00000000000004cc      0x101 ../scannerToProcessor_bsp/\libhal_bsp.a(alt_sys_init.o)
 .debug_line    0x00000000000005cd       0xfb ../scannerToProcessor_bsp/\libhal_bsp.a(altera_avalon_jtag_uart_read.o)
 .debug_line    0x00000000000006c8       0xf0 ../scannerToProcessor_bsp/\libhal_bsp.a(altera_avalon_jtag_uart_write.o)
 .debug_line    0x00000000000007b8       0xb5 ../scannerToProcessor_bsp/\libhal_bsp.a(alt_busy_sleep.o)
 .debug_line    0x000000000000086d       0x4e ../scannerToProcessor_bsp/\libhal_bsp.a(alt_dcache_flush_all.o)
 .debug_line    0x00000000000008bb       0xee ../scannerToProcessor_bsp/\libhal_bsp.a(alt_dev.o)
 .debug_line    0x00000000000009a9       0x4e ../scannerToProcessor_bsp/\libhal_bsp.a(alt_icache_flush_all.o)
 .debug_line    0x00000000000009f7       0x50 ../scannerToProcessor_bsp/\libhal_bsp.a(altera_nios2_qsys_irq.o)
 .debug_line    0x0000000000000a47      0x15c c:/altera/16.0/nios2eds/bin/gnu/h-x86_64-mingw32/bin/../lib/gcc/nios2-elf/5.2.0/../../../../../H-x86_64-mingw32/nios2-elf/lib/mno-hw-mul\libsmallc.a(lib_a-strlen.o)
 .debug_line    0x0000000000000ba3      0x105 c:/altera/16.0/nios2eds/bin/gnu/h-x86_64-mingw32/bin/../lib/gcc/nios2-elf/5.2.0/mno-hw-mul\libgcc.a(lib2-divmod.o)
 .debug_line    0x0000000000000ca8       0x80 c:/altera/16.0/nios2eds/bin/gnu/h-x86_64-mingw32/bin/../lib/gcc/nios2-elf/5.2.0/mno-hw-mul\libgcc.a(lib2-mul.o)

.debug_frame    0x0000000000000000      0x2c4
 *(.debug_frame)
 .debug_frame   0x0000000000000000       0x30 obj/default/hello_world_small.o
 .debug_frame   0x0000000000000030       0x2c ../scannerToProcessor_bsp/\libhal_bsp.a(alt_getchar.o)
 .debug_frame   0x000000000000005c       0x30 ../scannerToProcessor_bsp/\libhal_bsp.a(alt_load.o)
 .debug_frame   0x000000000000008c       0x2c ../scannerToProcessor_bsp/\libhal_bsp.a(alt_main.o)
 .debug_frame   0x00000000000000b8       0x30 ../scannerToProcessor_bsp/\libhal_bsp.a(alt_putstr.o)
 .debug_frame   0x00000000000000e8       0x20 ../scannerToProcessor_bsp/\libhal_bsp.a(alt_usleep.o)
 .debug_frame   0x0000000000000108       0x3c ../scannerToProcessor_bsp/\libhal_bsp.a(alt_sys_init.o)
 .debug_frame   0x0000000000000144       0x20 ../scannerToProcessor_bsp/\libhal_bsp.a(altera_avalon_jtag_uart_read.o)
 .debug_frame   0x0000000000000164       0x20 ../scannerToProcessor_bsp/\libhal_bsp.a(altera_avalon_jtag_uart_write.o)
 .debug_frame   0x0000000000000184       0x30 ../scannerToProcessor_bsp/\libhal_bsp.a(alt_busy_sleep.o)
 .debug_frame   0x00000000000001b4       0x20 ../scannerToProcessor_bsp/\libhal_bsp.a(alt_dcache_flush_all.o)
 .debug_frame   0x00000000000001d4       0x20 ../scannerToProcessor_bsp/\libhal_bsp.a(alt_dev.o)
 .debug_frame   0x00000000000001f4       0x20 ../scannerToProcessor_bsp/\libhal_bsp.a(alt_icache_flush_all.o)
 .debug_frame   0x0000000000000214       0x20 ../scannerToProcessor_bsp/\libhal_bsp.a(altera_nios2_qsys_irq.o)
 .debug_frame   0x0000000000000234       0x20 c:/altera/16.0/nios2eds/bin/gnu/h-x86_64-mingw32/bin/../lib/gcc/nios2-elf/5.2.0/../../../../../H-x86_64-mingw32/nios2-elf/lib/mno-hw-mul\libsmallc.a(lib_a-strlen.o)
 .debug_frame   0x0000000000000254       0x50 c:/altera/16.0/nios2eds/bin/gnu/h-x86_64-mingw32/bin/../lib/gcc/nios2-elf/5.2.0/mno-hw-mul\libgcc.a(lib2-divmod.o)
 .debug_frame   0x00000000000002a4       0x20 c:/altera/16.0/nios2eds/bin/gnu/h-x86_64-mingw32/bin/../lib/gcc/nios2-elf/5.2.0/mno-hw-mul\libgcc.a(lib2-mul.o)

.debug_str      0x0000000000000000      0x9e9
 *(.debug_str)
 .debug_str     0x0000000000000000       0xfb obj/default/hello_world_small.o
                                        0x139 (size before relaxing)
 .debug_str     0x00000000000000fb      0x165 ../scannerToProcessor_bsp/\libhal_bsp.a(alt_getchar.o)
                                        0x225 (size before relaxing)
 .debug_str     0x0000000000000260      0x11b ../scannerToProcessor_bsp/\libhal_bsp.a(alt_load.o)
                                        0x229 (size before relaxing)
 .debug_str     0x000000000000037b       0x5e ../scannerToProcessor_bsp/\libhal_bsp.a(alt_main.o)
                                        0x1a2 (size before relaxing)
 .debug_str     0x00000000000003d9       0x3a ../scannerToProcessor_bsp/\libhal_bsp.a(alt_putstr.o)
                                        0x17f (size before relaxing)
 .debug_str     0x0000000000000413       0x2f ../scannerToProcessor_bsp/\libhal_bsp.a(alt_usleep.o)
                                        0x144 (size before relaxing)
 .debug_str     0x0000000000000442       0x86 ../scannerToProcessor_bsp/\libhal_bsp.a(alt_sys_init.o)
                                        0x213 (size before relaxing)
 .debug_str     0x00000000000004c8       0x3d ../scannerToProcessor_bsp/\libhal_bsp.a(altera_avalon_jtag_uart_read.o)
                                        0x20c (size before relaxing)
 .debug_str     0x0000000000000505       0x32 ../scannerToProcessor_bsp/\libhal_bsp.a(altera_avalon_jtag_uart_write.o)
                                        0x202 (size before relaxing)
 .debug_str     0x0000000000000537       0x33 ../scannerToProcessor_bsp/\libhal_bsp.a(alt_busy_sleep.o)
                                        0x158 (size before relaxing)
 .debug_str     0x000000000000056a       0x1f ../scannerToProcessor_bsp/\libhal_bsp.a(alt_dcache_flush_all.o)
                                        0x142 (size before relaxing)
 .debug_str     0x0000000000000589      0x120 ../scannerToProcessor_bsp/\libhal_bsp.a(alt_dev.o)
                                        0x2f2 (size before relaxing)
 .debug_str     0x00000000000006a9       0x1f ../scannerToProcessor_bsp/\libhal_bsp.a(alt_icache_flush_all.o)
                                        0x142 (size before relaxing)
 .debug_str     0x00000000000006c8       0x20 ../scannerToProcessor_bsp/\libhal_bsp.a(altera_nios2_qsys_irq.o)
                                        0x149 (size before relaxing)
 .debug_str     0x00000000000006e8      0x13a c:/altera/16.0/nios2eds/bin/gnu/h-x86_64-mingw32/bin/../lib/gcc/nios2-elf/5.2.0/../../../../../H-x86_64-mingw32/nios2-elf/lib/mno-hw-mul\libsmallc.a(lib_a-strlen.o)
                                        0x1e5 (size before relaxing)
 .debug_str     0x0000000000000822      0x187 c:/altera/16.0/nios2eds/bin/gnu/h-x86_64-mingw32/bin/../lib/gcc/nios2-elf/5.2.0/mno-hw-mul\libgcc.a(lib2-divmod.o)
                                        0x1d2 (size before relaxing)
 .debug_str     0x00000000000009a9       0x40 c:/altera/16.0/nios2eds/bin/gnu/h-x86_64-mingw32/bin/../lib/gcc/nios2-elf/5.2.0/mno-hw-mul\libgcc.a(lib2-mul.o)
                                        0x193 (size before relaxing)

.debug_loc      0x0000000000000000      0x7b7
 *(.debug_loc)
 .debug_loc     0x0000000000000000       0x20 obj/default/hello_world_small.o
 .debug_loc     0x0000000000000020       0x37 ../scannerToProcessor_bsp/\libhal_bsp.a(alt_putstr.o)
 .debug_loc     0x0000000000000057       0x21 ../scannerToProcessor_bsp/\libhal_bsp.a(alt_usleep.o)
 .debug_loc     0x0000000000000078       0x21 ../scannerToProcessor_bsp/\libhal_bsp.a(alt_sys_init.o)
 .debug_loc     0x0000000000000099       0xcd ../scannerToProcessor_bsp/\libhal_bsp.a(altera_avalon_jtag_uart_read.o)
 .debug_loc     0x0000000000000166       0x8b ../scannerToProcessor_bsp/\libhal_bsp.a(altera_avalon_jtag_uart_write.o)
 .debug_loc     0x00000000000001f1       0x67 ../scannerToProcessor_bsp/\libhal_bsp.a(alt_busy_sleep.o)
 .debug_loc     0x0000000000000258       0x1e c:/altera/16.0/nios2eds/bin/gnu/h-x86_64-mingw32/bin/../lib/gcc/nios2-elf/5.2.0/../../../../../H-x86_64-mingw32/nios2-elf/lib/mno-hw-mul\libsmallc.a(lib_a-strlen.o)
 .debug_loc     0x0000000000000276      0x4ae c:/altera/16.0/nios2eds/bin/gnu/h-x86_64-mingw32/bin/../lib/gcc/nios2-elf/5.2.0/mno-hw-mul\libgcc.a(lib2-divmod.o)
 .debug_loc     0x0000000000000724       0x93 c:/altera/16.0/nios2eds/bin/gnu/h-x86_64-mingw32/bin/../lib/gcc/nios2-elf/5.2.0/mno-hw-mul\libgcc.a(lib2-mul.o)

.debug_macinfo
 *(.debug_macinfo)

.debug_weaknames
 *(.debug_weaknames)

.debug_funcnames
 *(.debug_funcnames)

.debug_typenames
 *(.debug_typenames)

.debug_varnames
 *(.debug_varnames)

.debug_alt_sim_info
                0x0000000000000000       0x40
 *(.debug_alt_sim_info)
 .debug_alt_sim_info
                0x0000000000000000       0x10 ../scannerToProcessor_bsp//obj/HAL/src/crt0.o
 .debug_alt_sim_info
                0x0000000000000010       0x30 ../scannerToProcessor_bsp/\libhal_bsp.a(alt_busy_sleep.o)
                0x0000000000004000                __alt_data_end = 0x4000
                0x0000000000004000                PROVIDE (__alt_stack_pointer, __alt_data_end)
                [!provide]                        PROVIDE (__alt_stack_limit, __alt_stack_base)
                [!provide]                        PROVIDE (__alt_heap_start, end)
                [!provide]                        PROVIDE (__alt_heap_limit, 0x4000)
OUTPUT(scannerToProcessor.elf elf32-littlenios2)

.debug_ranges   0x0000000000000000      0x108
 .debug_ranges  0x0000000000000000       0x20 ../scannerToProcessor_bsp//obj/HAL/src/crt0.o
 .debug_ranges  0x0000000000000020       0x10 obj/default/hello_world_small.o
 .debug_ranges  0x0000000000000030       0x48 ../scannerToProcessor_bsp/\libhal_bsp.a(alt_load.o)
 .debug_ranges  0x0000000000000078       0x20 ../scannerToProcessor_bsp/\libhal_bsp.a(altera_avalon_jtag_uart_read.o)
 .debug_ranges  0x0000000000000098       0x10 c:/altera/16.0/nios2eds/bin/gnu/h-x86_64-mingw32/bin/../lib/gcc/nios2-elf/5.2.0/../../../../../H-x86_64-mingw32/nios2-elf/lib/mno-hw-mul\libsmallc.a(lib_a-strlen.o)
 .debug_ranges  0x00000000000000a8       0x60 c:/altera/16.0/nios2eds/bin/gnu/h-x86_64-mingw32/bin/../lib/gcc/nios2-elf/5.2.0/mno-hw-mul\libgcc.a(lib2-divmod.o)
